{"queue.arguments.array-arg.1":{"value":"array-str-val"},"queue.arguments.array-arg.2":{"value":4321},"queue.arguments.array-arg.3":{"value":0},"queue.arguments.array-arg.4.1":{"value":"this-is-nested"},"queue.arguments.bool-arg":{"value":1},"queue.arguments.number-arg":{"value":1234},"queue.arguments.string-arg":{"value":"string-val"},"queue.auto_delete":{"value":1},"queue.durable":{"value":0},"queue.exclusive":{"value":0}}