{"config/a":{"value":""},"config/b":{"value":"c"},"config/empty":{"value":""},"config/name1":{"value":"value1"},"config/name2":{"value":"value2"},"config/name3":{"value":"value3"},"config/name4":{"value":"value4"},"config/name5.sub!more-text":{"value":"value5"},"config/name6":{"value":"value6=more"},"config/name7":{"value":"val7"},"config/nodeName":{"value":"node1"}}