{"displayName":"vhost1","entityName":"vhost:vhost1","event_type":"RabbitmqVhostSample","rabbitmqClusterName":"testClusterName","reportingEndpoint":"foo:8000","vhost.connectionsBlocked":0,"vhost.connectionsBlocking":0,"vhost.connectionsClosed":0,"vhost.connectionsClosing":0,"vhost.connectionsFlow":2,"vhost.connectionsOpening":0,"vhost.connectionsRunning":0,"vhost.connectionsStarting":7,"vhost.connectionsTotal":9,"vhost.connectionsTuning":0}