{"displayName":"exchange1","entityName":"exchange:exchange1","event_type":"RabbitmqExchangeSample","exchange.messagesPublishedPerChannel":1,"exchange.messagesPublishedPerChannelPerSecond":1.1,"exchange.messagesPublishedQueue":2,"exchange.messagesPublishedQueuePerSecond":2.2,"ra-exchange.bindings":0,"reportingEndpoint":":0"}