{"clusterName":"testClusterName","displayName":"vhost1/exchange1","entityName":"exchange:vhost1/exchange1","event_type":"RabbitmqExchangeSample","exchange.bindings":0,"exchange.messagesPublishedPerChannel":1,"exchange.messagesPublishedPerChannelPerSecond":1.1,"exchange.messagesPublishedQueue":2,"exchange.messagesPublishedQueuePerSecond":2.2,"reportingEndpoint":":0"}