{"exchange.arguments.array-arg.1":{"value":"array-str-val"},"exchange.arguments.array-arg.2":{"value":4321},"exchange.arguments.array-arg.3":{"value":0},"exchange.arguments.array-arg.4.1":{"value":"this-is-nested"},"exchange.arguments.bool-arg":{"value":1},"exchange.arguments.number-arg":{"value":1234},"exchange.arguments.string-arg":{"value":"string-val"},"exchange.auto_delete":{"value":1},"exchange.durable":{"value":0},"exchange.type":{"value":"direct"}}